node.exe : ΓÜá `eslint` configuration in next.config.ts is no longer supported. See more info here: 
https://nextjs.org/docs/app/api-reference/cli/next#next-lint-options
At line:1 char:1
+ & "C:\Program Files\nodejs/node.exe" "C:\Users\GodBoy\AppData\Roaming ...
+ ~~~~~~~~~~~~~~~~~~~~~~~~~~~~~~~~~~~~~~~~~~~~~~~~~~~~~~~~~~~~~~~~~~~~~
    + CategoryInfo          : NotSpecified: (ΓÜá `eslint` co...xt-lint-options:String) [], RemoteException
    + FullyQualifiedErrorId : NativeCommandError
 
ΓÜá Invalid next.config.ts options detected: 
ΓÜá     Unrecognized key(s) in object: 'eslint'
ΓÜá See more info here: https://nextjs.org/docs/messages/invalid-next-config
Γû▓ Next.js 16.2.9 (Turbopack)
- Environments: .env

ΓÜá The "middleware" file convention is deprecated. Please use "proxy" instead. Learn more: 
https://nextjs.org/docs/messages/middleware-to-proxy
  Creating an optimized production build ...

> Build error occurred
Error: Turbopack build failed with 1 errors:
./src/lib/prisma.ts:1:1
Module not found: Can't resolve '@/generated/prisma'
[31m[1m>[0m [90m1 |[0m [36mimport[0m { [33mPrismaClient[0m } [36mfrom[0m [32m"@/generated/prisma"[0m;
  [90m  |[0m [31m[1m^^^^^^^^^^^^^^^^^^^^^^^^^^^^^^^^^^^^^^^^^^^^^^^^^^[0m
  [90m2 |[0m
  [90m3 |[0m [36mconst[0m globalForPrisma = globalThis [36mas[0m unknown [36mas[0m {
  [90m4 |[0m   prisma: [33mPrismaClient[0m | [36mundefined[0m;

Import map: aliased to relative './src/generated/prisma' inside of [project]/


Import traces:
  App Route:
    ./src/lib/prisma.ts
    ./src/app/api/auth/register/route.ts

  Edge Middleware:
    ./src/lib/prisma.ts
    ./src/lib/auth.ts
    ./src/middleware.ts

https://nextjs.org/docs/messages/module-not-found


    at <unknown> (./src/lib/prisma.ts:1:1)
    at <unknown> (https://nextjs.org/docs/messages/module-not-found)
